Γùç injected env (12) from .env.testing // tip: Γîÿ enable debugging { debug: true }
Γùç injected env (12) from .env.testing // tip: Γîü auth for agents [www.vestauth.com]

Running 7 tests using 1 worker

[1A[2KΓùç injected env (12) from .env.testing // tip: Γîÿ multiple files { path: ['.env.local', '.env'] }

[1A[2KΓùç injected env (12) from .env.testing // tip: Γîÿ custom filepath { path: '/custom/path/.env' }

[1A[2K[1/7] [setup] ΓÇ║ __tests__\e2e\auth.setup.ts:20:1 ΓÇ║ authenticate
[1A[2KΓùç injected env (12) from .env.testing // tip: Γîÿ suppress logs { quiet: true }

[1A[2K[2/7] [chromium] ΓÇ║ __tests__\e2e\generated\sector-management.feature.spec.js:6:3 ΓÇ║ Sector Management ΓÇ║ Create a new sector from the create-sector page @happy
[1A[2K[3/7] [chromium] ΓÇ║ __tests__\e2e\generated\sector-management.feature.spec.js:14:3 ΓÇ║ Sector Management ΓÇ║ Edit an existing sector name @happy
[1A[2K  1) [chromium] ΓÇ║ __tests__\e2e\generated\sector-management.feature.spec.js:14:3 ΓÇ║ Sector Management ΓÇ║ Edit an existing sector name @happy ΓÇ║ When I rename the seeded primary sector 

    Error: [2mexpect([22m[31mlocator[39m[2m).[22mtoBeEnabled[2m([22m[2m)[22m failed

    Locator: locator('[role=dialog]').first().getByRole('button', { name: /Save Changes/i })
    Expected: enabled
    Timeout: 10000ms
    Error: element(s) not found

    Call log:
    [2m  - Expect "toBeEnabled" with timeout 10000ms[22m
    [2m  - waiting for locator('[role=dialog]').first().getByRole('button', { name: /Save Changes/i })[22m


       at ..\steps\sector-management.steps.ts:98

       96 |   // Wait for the button to exist and be enabled before clicking
       97 |   const saveButton = dialog.getByRole("button", { name: /Save Changes/i });
    >  98 |   await expect(saveButton).toBeEnabled({ timeout: 10000 });
          |                            ^
       99 |   await saveButton.click();
      100 |
      101 |   await expect(page.getByText(/Sector updated successfully/i)).toBeVisible();
        at Object.<anonymous> (C:\Users\User\OneDrive\Desktop\IBC-web\ibc-website\__tests__\e2e\steps\sector-management.steps.ts:98:28)
        at C:\Users\User\OneDrive\Desktop\IBC-web\ibc-website\__tests__\e2e\generated\sector-management.feature.spec.js:16:5

    attachment #1: screenshot (image/png) ΓöÇΓöÇΓöÇΓöÇΓöÇΓöÇΓöÇΓöÇΓöÇΓöÇΓöÇΓöÇΓöÇΓöÇΓöÇΓöÇΓöÇΓöÇΓöÇΓöÇΓöÇΓöÇΓöÇΓöÇΓöÇΓöÇΓöÇΓöÇΓöÇΓöÇΓöÇΓöÇΓöÇΓöÇΓöÇΓöÇΓöÇΓöÇΓöÇΓöÇΓöÇΓöÇΓöÇΓöÇΓöÇΓöÇΓöÇΓöÇΓöÇΓöÇΓöÇΓöÇΓöÇΓöÇΓöÇΓöÇΓöÇΓöÇ
    test-results\sector-management.feature--d273b-dit-an-existing-sector-name-chromium\test-failed-1.png
    ΓöÇΓöÇΓöÇΓöÇΓöÇΓöÇΓöÇΓöÇΓöÇΓöÇΓöÇΓöÇΓöÇΓöÇΓöÇΓöÇΓöÇΓöÇΓöÇΓöÇΓöÇΓöÇΓöÇΓöÇΓöÇΓöÇΓöÇΓöÇΓöÇΓöÇΓöÇΓöÇΓöÇΓöÇΓöÇΓöÇΓöÇΓöÇΓöÇΓöÇΓöÇΓöÇΓöÇΓöÇΓöÇΓöÇΓöÇΓöÇΓöÇΓöÇΓöÇΓöÇΓöÇΓöÇΓöÇΓöÇΓöÇΓöÇΓöÇΓöÇΓöÇΓöÇΓöÇΓöÇΓöÇΓöÇΓöÇΓöÇΓöÇΓöÇΓöÇΓöÇΓöÇΓöÇΓöÇΓöÇΓöÇΓöÇΓöÇΓöÇΓöÇΓöÇΓöÇΓöÇΓöÇΓöÇΓöÇΓöÇΓöÇΓöÇΓöÇΓöÇΓöÇΓöÇΓöÇΓöÇ

    attachment #2: video (video/webm) ΓöÇΓöÇΓöÇΓöÇΓöÇΓöÇΓöÇΓöÇΓöÇΓöÇΓöÇΓöÇΓöÇΓöÇΓöÇΓöÇΓöÇΓöÇΓöÇΓöÇΓöÇΓöÇΓöÇΓöÇΓöÇΓöÇΓöÇΓöÇΓöÇΓöÇΓöÇΓöÇΓöÇΓöÇΓöÇΓöÇΓöÇΓöÇΓöÇΓöÇΓöÇΓöÇΓöÇΓöÇΓöÇΓöÇΓöÇΓöÇΓöÇΓöÇΓöÇΓöÇΓöÇΓöÇΓöÇΓöÇΓöÇΓöÇΓöÇΓöÇΓöÇΓöÇ
    test-results\sector-management.feature--d273b-dit-an-existing-sector-name-chromium\video.webm
    ΓöÇΓöÇΓöÇΓöÇΓöÇΓöÇΓöÇΓöÇΓöÇΓöÇΓöÇΓöÇΓöÇΓöÇΓöÇΓöÇΓöÇΓöÇΓöÇΓöÇΓöÇΓöÇΓöÇΓöÇΓöÇΓöÇΓöÇΓöÇΓöÇΓöÇΓöÇΓöÇΓöÇΓöÇΓöÇΓöÇΓöÇΓöÇΓöÇΓöÇΓöÇΓöÇΓöÇΓöÇΓöÇΓöÇΓöÇΓöÇΓöÇΓöÇΓöÇΓöÇΓöÇΓöÇΓöÇΓöÇΓöÇΓöÇΓöÇΓöÇΓöÇΓöÇΓöÇΓöÇΓöÇΓöÇΓöÇΓöÇΓöÇΓöÇΓöÇΓöÇΓöÇΓöÇΓöÇΓöÇΓöÇΓöÇΓöÇΓöÇΓöÇΓöÇΓöÇΓöÇΓöÇΓöÇΓöÇΓöÇΓöÇΓöÇΓöÇΓöÇΓöÇΓöÇΓöÇΓöÇ

    Error Context: test-results\sector-management.feature--d273b-dit-an-existing-sector-name-chromium\error-context.md


[1A[2KΓùç injected env (12) from .env.testing // tip: Γîü auth for agents [www.vestauth.com]

[1A[2K[4/7] [chromium] ΓÇ║ __tests__\e2e\generated\sector-management.feature.spec.js:20:3 ΓÇ║ Sector Management ΓÇ║ Delete a sector without member assignments @happy
[1A[2K  2) [chromium] ΓÇ║ __tests__\e2e\generated\sector-management.feature.spec.js:20:3 ΓÇ║ Sector Management ΓÇ║ Delete a sector without member assignments @happy ΓÇ║ When I delete the seeded secondary sector 

    [31mTest timeout of 30000ms exceeded.[39m

    Error: locator.click: Test timeout of 30000ms exceeded.
    Call log:
    [2m  - waiting for getByRole('menuitem', { name: /Delete/i })[22m
    [2m    - locator resolved to <div tabindex="-1" role="menuitem" id="base-ui-_r_v_" data-variant="default" data-slot="dropdown-menu-item" class="data-[variant=destructive]:text-destructive data-[variant=destructive]:focus:bg-destructive/10 dark:data-[variant=destructive]:focus:bg-destructive/20 data-[variant=destructive]:focus:text-destructive data-[variant=destructive]:*:[svg]:text-destructive not-data-[variant=destructive]:focus:**:text-accent-foreground gap-2 rounded-sm px-2 py-1.5 text-sm [&_svg:not([class*='size-'])]:size-ΓÇª>ΓÇª</div>[22m
    [2m  - attempting click action[22m
    [2m    2 ├ù waiting for element to be visible, enabled and stable[22m
    [2m      - element is not stable[22m
    [2m    - retrying click action[22m
    [2m    - waiting 20ms[22m
    [2m    - waiting for element to be visible, enabled and stable[22m
    [2m    - element is not stable[22m
    [2m  2 ├ù retrying click action[22m
    [2m      - waiting 100ms[22m
    [2m      - waiting for element to be visible, enabled and stable[22m
    [2m      - element is not visible[22m
    [2m  57 ├ù retrying click action[22m
    [2m       - waiting 500ms[22m
    [2m       - waiting for element to be visible, enabled and stable[22m
    [2m       - element is not visible[22m
    [2m  - retrying click action[22m
    [2m    - waiting 500ms[22m


       at ..\steps\sector-management.steps.ts:114

      112 |   const deleteMenuItem = page.getByRole("menuitem", { name: /Delete/i });
      113 |   await expect(deleteMenuItem).toBeVisible({ timeout: 10000 });
    > 114 |   await deleteMenuItem.click();
          |                        ^
      115 |
      116 |   // Wait for delete dialog to appear
      117 |   const dialog = page.locator("[role=dialog]").first();
        at Object.<anonymous> (C:\Users\User\OneDrive\Desktop\IBC-web\ibc-website\__tests__\e2e\steps\sector-management.steps.ts:114:24)
        at C:\Users\User\OneDrive\Desktop\IBC-web\ibc-website\__tests__\e2e\generated\sector-management.feature.spec.js:22:5

    attachment #1: screenshot (image/png) ΓöÇΓöÇΓöÇΓöÇΓöÇΓöÇΓöÇΓöÇΓöÇΓöÇΓöÇΓöÇΓöÇΓöÇΓöÇΓöÇΓöÇΓöÇΓöÇΓöÇΓöÇΓöÇΓöÇΓöÇΓöÇΓöÇΓöÇΓöÇΓöÇΓöÇΓöÇΓöÇΓöÇΓöÇΓöÇΓöÇΓöÇΓöÇΓöÇΓöÇΓöÇΓöÇΓöÇΓöÇΓöÇΓöÇΓöÇΓöÇΓöÇΓöÇΓöÇΓöÇΓöÇΓöÇΓöÇΓöÇΓöÇΓöÇ
    test-results\sector-management.feature--e376e--without-member-assignments-chromium\test-failed-1.png
    ΓöÇΓöÇΓöÇΓöÇΓöÇΓöÇΓöÇΓöÇΓöÇΓöÇΓöÇΓöÇΓöÇΓöÇΓöÇΓöÇΓöÇΓöÇΓöÇΓöÇΓöÇΓöÇΓöÇΓöÇΓöÇΓöÇΓöÇΓöÇΓöÇΓöÇΓöÇΓöÇΓöÇΓöÇΓöÇΓöÇΓöÇΓöÇΓöÇΓöÇΓöÇΓöÇΓöÇΓöÇΓöÇΓöÇΓöÇΓöÇΓöÇΓöÇΓöÇΓöÇΓöÇΓöÇΓöÇΓöÇΓöÇΓöÇΓöÇΓöÇΓöÇΓöÇΓöÇΓöÇΓöÇΓöÇΓöÇΓöÇΓöÇΓöÇΓöÇΓöÇΓöÇΓöÇΓöÇΓöÇΓöÇΓöÇΓöÇΓöÇΓöÇΓöÇΓöÇΓöÇΓöÇΓöÇΓöÇΓöÇΓöÇΓöÇΓöÇΓöÇΓöÇΓöÇΓöÇΓöÇ

    attachment #2: video (video/webm) ΓöÇΓöÇΓöÇΓöÇΓöÇΓöÇΓöÇΓöÇΓöÇΓöÇΓöÇΓöÇΓöÇΓöÇΓöÇΓöÇΓöÇΓöÇΓöÇΓöÇΓöÇΓöÇΓöÇΓöÇΓöÇΓöÇΓöÇΓöÇΓöÇΓöÇΓöÇΓöÇΓöÇΓöÇΓöÇΓöÇΓöÇΓöÇΓöÇΓöÇΓöÇΓöÇΓöÇΓöÇΓöÇΓöÇΓöÇΓöÇΓöÇΓöÇΓöÇΓöÇΓöÇΓöÇΓöÇΓöÇΓöÇΓöÇΓöÇΓöÇΓöÇΓöÇ
    test-results\sector-management.feature--e376e--without-member-assignments-chromium\video.webm
    ΓöÇΓöÇΓöÇΓöÇΓöÇΓöÇΓöÇΓöÇΓöÇΓöÇΓöÇΓöÇΓöÇΓöÇΓöÇΓöÇΓöÇΓöÇΓöÇΓöÇΓöÇΓöÇΓöÇΓöÇΓöÇΓöÇΓöÇΓöÇΓöÇΓöÇΓöÇΓöÇΓöÇΓöÇΓöÇΓöÇΓöÇΓöÇΓöÇΓöÇΓöÇΓöÇΓöÇΓöÇΓöÇΓöÇΓöÇΓöÇΓöÇΓöÇΓöÇΓöÇΓöÇΓöÇΓöÇΓöÇΓöÇΓöÇΓöÇΓöÇΓöÇΓöÇΓöÇΓöÇΓöÇΓöÇΓöÇΓöÇΓöÇΓöÇΓöÇΓöÇΓöÇΓöÇΓöÇΓöÇΓöÇΓöÇΓöÇΓöÇΓöÇΓöÇΓöÇΓöÇΓöÇΓöÇΓöÇΓöÇΓöÇΓöÇΓöÇΓöÇΓöÇΓöÇΓöÇΓöÇ

    Error Context: test-results\sector-management.feature--e376e--without-member-assignments-chromium\error-context.md


[1A[2KΓùç injected env (12) from .env.testing // tip: Γùê secrets for agents [www.dotenvx.com]

[1A[2K[5/7] [chromium] ΓÇ║ __tests__\e2e\generated\sector-management.feature.spec.js:26:3 ΓÇ║ Sector Management ΓÇ║ Block create sector submission when name is empty @sad
[1A[2K[6/7] [chromium] ΓÇ║ __tests__\e2e\generated\sector-management.feature.spec.js:33:3 ΓÇ║ Sector Management ΓÇ║ Show error when creating a duplicate sector name @sad
[1A[2K[7/7] [chromium] ΓÇ║ __tests__\e2e\generated\sector-management.feature.spec.js:40:3 ΓÇ║ Sector Management ΓÇ║ Show empty state when search has no matching sectors @sad
[1A[2K  2 failed
    [chromium] ΓÇ║ __tests__\e2e\generated\sector-management.feature.spec.js:14:3 ΓÇ║ Sector Management ΓÇ║ Edit an existing sector name @happy 
    [chromium] ΓÇ║ __tests__\e2e\generated\sector-management.feature.spec.js:20:3 ΓÇ║ Sector Management ΓÇ║ Delete a sector without member assignments @happy 
  5 passed (1.0m)

[36m  Serving HTML report at http://localhost:61117. Press Ctrl+C to quit.[39m
